
> lapis-platform@0.1.0 build
> node scripts/fix-enums.js && npx prisma db push --accept-data-loss && next build

Starting Safe Enum Migration (Preserves Existing Data)...
Converting userProfile to TEXT...
Executed: ALTER TABLE "User" ALTER COLUMN "userProfile" DROP DEFAULT
Executed: ALTER TABLE "User" ALTER COLUMN "userProfile" TYPE text
Executed: ALTER TABLE "Badges_Catalog" ALTER COLUMN "requiredForProfile" TYPE text
Executed: UPDATE "User" SET "userProfile" = 'STARTER' WHERE "userProfile" = 'SOFT'
Executed: UPDATE "User" SET "userProfile" = 'CREATOR' WHERE "userProfile" = 'HARD'
Executed: UPDATE "Badges_Catalog" SET "requiredForProfile" = 'STARTER' WHERE "requiredForProfile" = 'SOFT'
Executed: UPDATE "Badges_Catalog" SET "requiredForProfile" = 'CREATOR' WHERE "requiredForProfile" = 'HARD'
Converting subscriptionPlan to TEXT...
Executed: ALTER TABLE "User" ALTER COLUMN "subscriptionPlan" DROP DEFAULT
Executed: ALTER TABLE "Subscription" ALTER COLUMN "plan" DROP DEFAULT
Executed: ALTER TABLE "User" ALTER COLUMN "subscriptionPlan" TYPE text
Executed: ALTER TABLE "Subscription" ALTER COLUMN "plan" TYPE text
Executed: UPDATE "User" SET "subscriptionPlan" = 'STARTER_FREE' WHERE "subscriptionPlan" = 'SOFT_FREE'
Executed: UPDATE "User" SET "subscriptionPlan" = 'CREATOR_MONTHLY' WHERE "subscriptionPlan" = 'HARD_MONTHLY'
Executed: UPDATE "User" SET "subscriptionPlan" = 'CREATOR_ANNUAL' WHERE "subscriptionPlan" = 'HARD_ANNUAL'
Executed: UPDATE "Subscription" SET "plan" = 'STARTER_FREE' WHERE "plan" = 'SOFT_FREE'
Executed: UPDATE "Subscription" SET "plan" = 'CREATOR_MONTHLY' WHERE "plan" = 'HARD_MONTHLY'
Executed: UPDATE "Subscription" SET "plan" = 'CREATOR_ANNUAL' WHERE "plan" = 'HARD_ANNUAL'
Setting specific users to CREATOR_ANNUAL...
Executed: UPDATE "User" SET "userProfile" = 'CREATOR', "subscriptionPlan" = 'CREATOR_ANNUAL' WHERE "id" = 'cmke1fbow000njl04v594xlxc'
Executed: UPDATE "User" SET "userProfile" = 'CREATOR', "subscriptionPlan" = 'CREATOR_ANNUAL' WHERE "id" = 'cmkjxx9fc0001jm04yqpfk0rg'
Safe Migration Completed. Prisma db push will handle the rest.
node.exe : Environment variables loaded from .env
Au caractère C:\Program Files\nodejs\npm.ps1:29 : 3
+   & $NODE_EXE $NPM_CLI_JS $args
+   ~~~~~~~~~~~~~~~~~~~~~~~~~~~~~
    + CategoryInfo          : NotSpecified: (Environment variables loaded from .en 
   v:String) [], RemoteException
    + FullyQualifiedErrorId : NativeCommandError
 
Prisma schema loaded from prisma\schema.prisma
Datasource "db": PostgreSQL database "neondb", schema "public" at "ep-sweet-band-agspn7dx-pooler.c-2.eu-central-1.aws.neon.tech"

ÔÜá´©Å  There might be data loss when applying the changes:

  ÔÇó The `userProfile` column on the `User` table would be dropped and recreated. This will lead to data loss.

  ÔÇó The `subscriptionPlan` column on the `User` table would be dropped and recreated. This will lead to data loss.



Your database is now in sync with your Prisma schema. Done in 1.71s

Running generate... (Use --skip-generate to skip the generators)
[2K[1A[2K[GRunning generate... - Prisma Client
[2K[1A[2K[GÔ£ö Generated Prisma Client (v6.19.1) to .\node_modules\@prisma\client in 909ms

Ôû▓ Next.js 16.1.1 (Turbopack)
- Environments: .env.local, .env

  Creating an optimized production build ...
Ô£ô Compiled successfully in 27.7s
  Running TypeScript ...
Failed to compile.

.next/types/validator.ts:621:31
Type error: Type 'typeof import("C:/Users/tiago/Mon Drive/Business/Mastermind Seed 
of Success/lapis-platform/app/api/tribes/[id]/leave/route")' does not satisfy the 
constraint 'RouteHandlerConfig<"/api/tribes/[id]/leave">'.
  Types of property 'POST' are incompatible.
    Type '(req: NextRequest, { params }: { params: { id: string; }; }) => 
Promise<NextResponse<{ error: string; }> | NextResponse<{ success: boolean; }>>' 
is not assignable to type '(request: NextRequest, context: { params: Promise<{ id: 
string; }>; }) => void | Response | Promise<void | Response>'.
      Types of parameters '__1' and 'context' are incompatible.
        Type '{ params: Promise<{ id: string; }>; }' is not assignable to type '{ 
params: { id: string; }; }'.
          Types of property 'params' are incompatible.
            Property 'id' is missing in type 'Promise<{ id: string; }>' but 
required in type '{ id: string; }'.

[0m [90m 619 |[39m   type __IsExpected[33m<[39m[33mSpecific[39m 
[36mextends[39m [33mRouteHandlerConfig[39m[33m<[39m[32m"/api/tribes/[id]/lea
ve"[39m[33m>>[39m [33m=[39m [33mSpecific[39m
 [90m 620 |[39m   [36mconst[39m handler [33m=[39m {} [36mas[39m 
[36mtypeof[39m 
[36mimport[39m([32m"../../app/api/tribes/[id]/leave/route.js"[39m)
[31m[1m>[22m[39m[90m 621 |[39m   type __Check [33m=[39m 
__IsExpected[33m<[39m[36mtypeof[39m handler[33m>[39m
 [90m     |[39m                               [31m[1m^[22m[39m
 [90m 622 |[39m   [90m// @ts-ignore[39m
 [90m 623 |[39m   type __Unused [33m=[39m __Check
 [90m 624 |[39m }[0m
Next.js build worker exited with code: 1 and signal: null
